// Jest Snapshot v1, https://goo.gl/fbAQLP

exports[`MarkdownAssertion shallow renders the correct HTML structure 1`] = `
<ReactMarkdown
  components={
    Object {
      "code": [Function],
    }
  }
  rehypePlugins={
    Array [
      [Function],
    ]
  }
  transformLinkUri={[Function]}
>
  Markdown Test [Github](https://github.com/morganstanley/testplan)
 Test
</ReactMarkdown>
`;
