// Jest Snapshot v1, https://goo.gl/fbAQLP

exports[`XYGraphAssertion shallow renders the correct HTML structure 1`] = `
ShallowWrapper {
  Symbol(enzyme.__root__): [Circular],
  Symbol(enzyme.__unrendered__): <XYGraphAssertion
    assertion={
        Object {
            "category": "DEFAULT",
            "description": "Bar Graph",
            "graph_data": Object {
              "Data Name": Array [
                Object {
                  "x": "A",
                  "y": 10,
                },
                Object {
                  "x": "B",
                  "y": 5,
                },
                Object {
                  "x": "C",
                  "y": 15,
                },
              ],
            },
            "graph_options": Object {
              "legend": true,
            },
            "graph_type": "Bar",
            "line_no": 50,
            "machine_time": "2019-07-12T12:36:09.782759+00:00",
            "meta_type": "entry",
            "series_options": Object {
              "Data Name": Object {
                "colour": "red",
              },
            },
            "type": "Graph",
            "utc_time": "2019-07-12T12:36:09.782759+00:00",
          }
    }
/>,
  Symbol(enzyme.__renderer__): Object {
    "batchedUpdates": [Function],
    "getNode": [Function],
    "render": [Function],
    "simulateError": [Function],
    "simulateEvent": [Function],
    "unmount": [Function],
  },
  Symbol(enzyme.__node__): Object {
    "instance": null,
    "key": undefined,
    "nodeType": "host",
    "props": Object {
      "children": Array [
        <XYPlot
          animation={true}
          className=""
          height={500}
          width={750}
          xDomain={undefined}
          xType="ordinal"
          yDomain={undefined}
>
          <HorizontalGridLines
                    attr="y"
                    direction="horizontal"
          />
          <XAxis
                    attr="x"
                    attrAxis="y"
                    orientation="bottom"
          />
          <ChartLabel
                    className="x-axis-label"
                    includeMargin={false}
                    style={
                              Object {
                                        "textAnchor": "middle",
                                        "transform": "rotate(0)",
                                      }
                    }
                    text=""
                    xPercent={0.5}
                    yPercent={1.107}
          />
          <YAxis
                    attr="y"
                    attrAxis="x"
                    orientation="left"
          />
          <ChartLabel
                    className="y-axis-label"
                    includeMargin={false}
                    style={
                              Object {
                                        "textAnchor": "middle",
                                        "transform": "rotate(270)",
                                      }
                    }
                    text=""
                    xPercent={-0.0455}
                    yPercent={0.5}
          />
          <VerticalBarSeries
                    className=""
                    color="red"
                    data={
                              Array [
                                        Object {
                                          "x": "A",
                                          "y": 10,
                                        },
                                        Object {
                                          "x": "B",
                                          "y": 5,
                                        },
                                        Object {
                                          "x": "C",
                                          "y": 15,
                                        },
                                      ]
                    }
                    stack={false}
                    style={Object {}}
          />
          <HighlightOverlay
                    className=""
                    color="rgb(77, 182, 172)"
                    enableX={true}
                    enableY={true}
                    onBrushEnd={[Function]}
                    onDrag={[Function]}
                    opacity={0.3}
          />
</XYPlot>,
        <DiscreteColorLegendItem
          className=""
          colors={
                    Array [
                              "#12939A",
                              "#79C7E3",
                              "#1A3177",
                              "#FF9833",
                              "#EF5D28",
                            ]
          }
          items={
                    Array [
                              Object {
                                "color": "red",
                                "title": "Data Name",
                              },
                            ]
          }
          orientation="horizontal"
          width={750}
/>,
      ],
      "className": "centreComponent_1moixrt",
    },
    "ref": null,
    "rendered": Array [
      Object {
        "instance": null,
        "key": undefined,
        "nodeType": "class",
        "props": Object {
          "animation": true,
          "children": Array [
            <HorizontalGridLines
              attr="y"
              direction="horizontal"
/>,
            <XAxis
              attr="x"
              attrAxis="y"
              orientation="bottom"
/>,
            <ChartLabel
              className="x-axis-label"
              includeMargin={false}
              style={
                            Object {
                                          "textAnchor": "middle",
                                          "transform": "rotate(0)",
                                        }
              }
              text=""
              xPercent={0.5}
              yPercent={1.107}
/>,
            <YAxis
              attr="y"
              attrAxis="x"
              orientation="left"
/>,
            <ChartLabel
              className="y-axis-label"
              includeMargin={false}
              style={
                            Object {
                                          "textAnchor": "middle",
                                          "transform": "rotate(270)",
                                        }
              }
              text=""
              xPercent={-0.0455}
              yPercent={0.5}
/>,
            Array [
              <VerticalBarSeries
                className=""
                color="red"
                data={
                                Array [
                                                Object {
                                                  "x": "A",
                                                  "y": 10,
                                                },
                                                Object {
                                                  "x": "B",
                                                  "y": 5,
                                                },
                                                Object {
                                                  "x": "C",
                                                  "y": 15,
                                                },
                                              ]
                }
                stack={false}
                style={Object {}}
/>,
            ],
            <HighlightOverlay
              className=""
              color="rgb(77, 182, 172)"
              enableX={true}
              enableY={true}
              onBrushEnd={[Function]}
              onDrag={[Function]}
              opacity={0.3}
/>,
          ],
          "className": "",
          "height": 500,
          "width": 750,
          "xDomain": undefined,
          "xType": "ordinal",
          "yDomain": undefined,
        },
        "ref": null,
        "rendered": Array [
          Object {
            "instance": null,
            "key": undefined,
            "nodeType": "function",
            "props": Object {
              "attr": "y",
              "direction": "horizontal",
            },
            "ref": null,
            "rendered": null,
            "type": [Function],
          },
          Object {
            "instance": null,
            "key": undefined,
            "nodeType": "function",
            "props": Object {
              "attr": "x",
              "attrAxis": "y",
              "orientation": "bottom",
            },
            "ref": null,
            "rendered": null,
            "type": [Function],
          },
          Object {
            "instance": null,
            "key": undefined,
            "nodeType": "class",
            "props": Object {
              "className": "x-axis-label",
              "includeMargin": false,
              "style": Object {
                "textAnchor": "middle",
                "transform": "rotate(0)",
              },
              "text": "",
              "xPercent": 0.5,
              "yPercent": 1.107,
            },
            "ref": null,
            "rendered": null,
            "type": [Function],
          },
          Object {
            "instance": null,
            "key": undefined,
            "nodeType": "function",
            "props": Object {
              "attr": "y",
              "attrAxis": "x",
              "orientation": "left",
            },
            "ref": null,
            "rendered": null,
            "type": [Function],
          },
          Object {
            "instance": null,
            "key": undefined,
            "nodeType": "class",
            "props": Object {
              "className": "y-axis-label",
              "includeMargin": false,
              "style": Object {
                "textAnchor": "middle",
                "transform": "rotate(270)",
              },
              "text": "",
              "xPercent": -0.0455,
              "yPercent": 0.5,
            },
            "ref": null,
            "rendered": null,
            "type": [Function],
          },
          Object {
            "instance": null,
            "key": "Data Name",
            "nodeType": "class",
            "props": Object {
              "className": "",
              "color": "red",
              "data": Array [
                Object {
                  "x": "A",
                  "y": 10,
                },
                Object {
                  "x": "B",
                  "y": 5,
                },
                Object {
                  "x": "C",
                  "y": 15,
                },
              ],
              "stack": false,
              "style": Object {},
            },
            "ref": null,
            "rendered": null,
            "type": [Function],
          },
          Object {
            "instance": null,
            "key": undefined,
            "nodeType": "class",
            "props": Object {
              "className": "",
              "color": "rgb(77, 182, 172)",
              "enableX": true,
              "enableY": true,
              "onBrushEnd": [Function],
              "onDrag": [Function],
              "opacity": 0.3,
            },
            "ref": null,
            "rendered": null,
            "type": [Function],
          },
        ],
        "type": [Function],
      },
      Object {
        "instance": null,
        "key": undefined,
        "nodeType": "function",
        "props": Object {
          "className": "",
          "colors": Array [
            "#12939A",
            "#79C7E3",
            "#1A3177",
            "#FF9833",
            "#EF5D28",
          ],
          "items": Array [
            Object {
              "color": "red",
              "title": "Data Name",
            },
          ],
          "orientation": "horizontal",
          "width": 750,
        },
        "ref": null,
        "rendered": null,
        "type": [Function],
      },
    ],
    "type": "div",
  },
  Symbol(enzyme.__nodes__): Array [
    Object {
      "instance": null,
      "key": undefined,
      "nodeType": "host",
      "props": Object {
        "children": Array [
          <XYPlot
            animation={true}
            className=""
            height={500}
            width={750}
            xDomain={undefined}
            xType="ordinal"
            yDomain={undefined}
>
            <HorizontalGridLines
                        attr="y"
                        direction="horizontal"
            />
            <XAxis
                        attr="x"
                        attrAxis="y"
                        orientation="bottom"
            />
            <ChartLabel
                        className="x-axis-label"
                        includeMargin={false}
                        style={
                                    Object {
                                                "textAnchor": "middle",
                                                "transform": "rotate(0)",
                                              }
                        }
                        text=""
                        xPercent={0.5}
                        yPercent={1.107}
            />
            <YAxis
                        attr="y"
                        attrAxis="x"
                        orientation="left"
            />
            <ChartLabel
                        className="y-axis-label"
                        includeMargin={false}
                        style={
                                    Object {
                                                "textAnchor": "middle",
                                                "transform": "rotate(270)",
                                              }
                        }
                        text=""
                        xPercent={-0.0455}
                        yPercent={0.5}
            />
            <VerticalBarSeries
                        className=""
                        color="red"
                        data={
                                    Array [
                                                Object {
                                                  "x": "A",
                                                  "y": 10,
                                                },
                                                Object {
                                                  "x": "B",
                                                  "y": 5,
                                                },
                                                Object {
                                                  "x": "C",
                                                  "y": 15,
                                                },
                                              ]
                        }
                        stack={false}
                        style={Object {}}
            />
            <HighlightOverlay
                        className=""
                        color="rgb(77, 182, 172)"
                        enableX={true}
                        enableY={true}
                        onBrushEnd={[Function]}
                        onDrag={[Function]}
                        opacity={0.3}
            />
</XYPlot>,
          <DiscreteColorLegendItem
            className=""
            colors={
                        Array [
                                    "#12939A",
                                    "#79C7E3",
                                    "#1A3177",
                                    "#FF9833",
                                    "#EF5D28",
                                  ]
            }
            items={
                        Array [
                                    Object {
                                      "color": "red",
                                      "title": "Data Name",
                                    },
                                  ]
            }
            orientation="horizontal"
            width={750}
/>,
        ],
        "className": "centreComponent_1moixrt",
      },
      "ref": null,
      "rendered": Array [
        Object {
          "instance": null,
          "key": undefined,
          "nodeType": "class",
          "props": Object {
            "animation": true,
            "children": Array [
              <HorizontalGridLines
                attr="y"
                direction="horizontal"
/>,
              <XAxis
                attr="x"
                attrAxis="y"
                orientation="bottom"
/>,
              <ChartLabel
                className="x-axis-label"
                includeMargin={false}
                style={
                                Object {
                                                "textAnchor": "middle",
                                                "transform": "rotate(0)",
                                              }
                }
                text=""
                xPercent={0.5}
                yPercent={1.107}
/>,
              <YAxis
                attr="y"
                attrAxis="x"
                orientation="left"
/>,
              <ChartLabel
                className="y-axis-label"
                includeMargin={false}
                style={
                                Object {
                                                "textAnchor": "middle",
                                                "transform": "rotate(270)",
                                              }
                }
                text=""
                xPercent={-0.0455}
                yPercent={0.5}
/>,
              Array [
                <VerticalBarSeries
                  className=""
                  color="red"
                  data={
                                    Array [
                                                      Object {
                                                        "x": "A",
                                                        "y": 10,
                                                      },
                                                      Object {
                                                        "x": "B",
                                                        "y": 5,
                                                      },
                                                      Object {
                                                        "x": "C",
                                                        "y": 15,
                                                      },
                                                    ]
                  }
                  stack={false}
                  style={Object {}}
/>,
              ],
              <HighlightOverlay
                className=""
                color="rgb(77, 182, 172)"
                enableX={true}
                enableY={true}
                onBrushEnd={[Function]}
                onDrag={[Function]}
                opacity={0.3}
/>,
            ],
            "className": "",
            "height": 500,
            "width": 750,
            "xDomain": undefined,
            "xType": "ordinal",
            "yDomain": undefined,
          },
          "ref": null,
          "rendered": Array [
            Object {
              "instance": null,
              "key": undefined,
              "nodeType": "function",
              "props": Object {
                "attr": "y",
                "direction": "horizontal",
              },
              "ref": null,
              "rendered": null,
              "type": [Function],
            },
            Object {
              "instance": null,
              "key": undefined,
              "nodeType": "function",
              "props": Object {
                "attr": "x",
                "attrAxis": "y",
                "orientation": "bottom",
              },
              "ref": null,
              "rendered": null,
              "type": [Function],
            },
            Object {
              "instance": null,
              "key": undefined,
              "nodeType": "class",
              "props": Object {
                "className": "x-axis-label",
                "includeMargin": false,
                "style": Object {
                  "textAnchor": "middle",
                  "transform": "rotate(0)",
                },
                "text": "",
                "xPercent": 0.5,
                "yPercent": 1.107,
              },
              "ref": null,
              "rendered": null,
              "type": [Function],
            },
            Object {
              "instance": null,
              "key": undefined,
              "nodeType": "function",
              "props": Object {
                "attr": "y",
                "attrAxis": "x",
                "orientation": "left",
              },
              "ref": null,
              "rendered": null,
              "type": [Function],
            },
            Object {
              "instance": null,
              "key": undefined,
              "nodeType": "class",
              "props": Object {
                "className": "y-axis-label",
                "includeMargin": false,
                "style": Object {
                  "textAnchor": "middle",
                  "transform": "rotate(270)",
                },
                "text": "",
                "xPercent": -0.0455,
                "yPercent": 0.5,
              },
              "ref": null,
              "rendered": null,
              "type": [Function],
            },
            Object {
              "instance": null,
              "key": "Data Name",
              "nodeType": "class",
              "props": Object {
                "className": "",
                "color": "red",
                "data": Array [
                  Object {
                    "x": "A",
                    "y": 10,
                  },
                  Object {
                    "x": "B",
                    "y": 5,
                  },
                  Object {
                    "x": "C",
                    "y": 15,
                  },
                ],
                "stack": false,
                "style": Object {},
              },
              "ref": null,
              "rendered": null,
              "type": [Function],
            },
            Object {
              "instance": null,
              "key": undefined,
              "nodeType": "class",
              "props": Object {
                "className": "",
                "color": "rgb(77, 182, 172)",
                "enableX": true,
                "enableY": true,
                "onBrushEnd": [Function],
                "onDrag": [Function],
                "opacity": 0.3,
              },
              "ref": null,
              "rendered": null,
              "type": [Function],
            },
          ],
          "type": [Function],
        },
        Object {
          "instance": null,
          "key": undefined,
          "nodeType": "function",
          "props": Object {
            "className": "",
            "colors": Array [
              "#12939A",
              "#79C7E3",
              "#1A3177",
              "#FF9833",
              "#EF5D28",
            ],
            "items": Array [
              Object {
                "color": "red",
                "title": "Data Name",
              },
            ],
            "orientation": "horizontal",
            "width": 750,
          },
          "ref": null,
          "rendered": null,
          "type": [Function],
        },
      ],
      "type": "div",
    },
  ],
  Symbol(enzyme.__options__): Object {
    "adapter": ReactSixteenAdapter {
      "options": Object {
        "enableComponentDidUpdateOnSetState": true,
        "lifecycles": Object {
          "componentDidUpdate": Object {
            "onSetState": true,
          },
          "getDerivedStateFromProps": true,
          "getSnapshotBeforeUpdate": true,
          "setState": Object {
            "skipsComponentDidUpdateOnNullish": true,
          },
        },
      },
    },
  },
}
`;
