// Jest Snapshot v1, https://goo.gl/fbAQLP

exports[`Column shallow renders the correct HTML structure 1`] = `
<Fragment>
  <div
    className="column_1e6n0oe-o_O-leftColumn_1c7wfp"
  >
    <p
      className="unique"
    />
  </div>
  <div
    className="column_1e6n0oe-o_O-rightColumn_1bksxyz"
    onMouseDown={[Function]}
  >
    <div
      className="column_1e6n0oe-o_O-splitter_11em7wq"
    />
  </div>
</Fragment>
`;
