// Jest Snapshot v1, https://goo.gl/fbAQLP

exports[`NavBreadcrumbs shallow renders the correct HTML structure 1`] = `
<div
  className="navBreadcrumbs_qyzuci"
>
  <ul
    className="breadcrumbContainer_1f5xahc"
  >
    <li
      key="123"
      onClick={[Function]}
    >
      <div
        className="breadcrumbEntry_d724hk"
      >
        <NavEntry
          caseCountFailed={0}
          caseCountPassed={0}
          name="test"
          status="passed"
        />
      </div>
    </li>
  </ul>
</div>
`;
