// Jest Snapshot v1, https://goo.gl/fbAQLP

exports[`NavEntry shallow renders the correct HTML structure 1`] = `
<div
  className="d-flex justify-content-between"
>
  <div
    className="entryName_udjila-o_O-passed_1kh4m98"
    title="entry name"
  >
    entry name
  </div>
  <div
    className="entryIcons_dx1noq"
  >
    <i
      className="entryIcon_ull2p3"
      title="passed/failed testcases"
    >
      <span
        className="passed_1kh4m98"
      >
        0
      </span>
      /
      <span
        className="failed_11es5k7"
      >
        0
      </span>
    </i>
    <Badge
      className="entryIcon_ull2p3-o_O-passedBadge_1gkx146"
      color="secondary"
      pill={true}
      tag="span"
      title="testplan"
    >
      TP
    </Badge>
  </div>
</div>
`;
