// Jest Snapshot v1, https://goo.gl/fbAQLP

exports[`NavList shallow renders and matches snapshot 1`] = `
<Column
  width="22em"
>
  <ListGroup
    className="buttonList_mjw45f"
  >
    <ListGroupItem
      className="navButton_1x055n9"
    >
      No entries to display...
    </ListGroupItem>
  </ListGroup>
</Column>
`;
