// Jest Snapshot v1, https://goo.gl/fbAQLP

exports[`AssertionHeader shallow renders the correct HTML structure 1`] = `
<CardHeader
  className="cardHeader_1s246z6-o_O-cardHeaderColorPassed_1nxwz58"
  tag="div"
>
  <div
    style={
      Object {
        "padding": ".125rem 0.75rem",
      }
    }
  >
    <span
      className="button_13xlah4"
    >
      <span
        style={
          Object {
            "fontWeight": "bold",
          }
        }
      />
      <span>
        (
        Equal
        )
      </span>
    </span>
  </div>
  <span
    className="cardHeaderAlignRight_107ja4p"
  />
</CardHeader>
`;
