// Jest Snapshot v1, https://goo.gl/fbAQLP

exports[`InfiniteScroll shallow renders the correct HTML structure 1`] = `
<Scrollbars
  autoHeight={false}
  autoHeightMax={200}
  autoHeightMin={0}
  autoHide={true}
  autoHideDuration={200}
  autoHideTimeout={1000}
  hideTracksWhenNotNeeded={false}
  onScroll={[Function]}
  renderThumbHorizontal={[Function]}
  renderThumbVertical={[Function]}
  renderTrackHorizontal={[Function]}
  renderTrackVertical={[Function]}
  renderView={[Function]}
  tagName="div"
  thumbMinSize={30}
  universal={false}
>
  <div
    style={
      Object {
        "paddingRight": "2rem",
      }
    }
  />
</Scrollbars>
`;
