// Jest Snapshot v1, https://goo.gl/fbAQLP

exports[`FixMatchAssertion shallow renders the correct HTML structure 1`] = `
<TableBaseAssertion
  columns={
    Array [
      Object {
        "field": "id",
        "filterParams": Object {
          "excelMode": "windows",
        },
        "headerName": "ID",
        "pinned": "left",
        "resizable": true,
        "suppressSizeToFit": true,
        "width": 75,
      },
      Object {
        "field": "age",
        "filterParams": Object {
          "excelMode": "windows",
        },
        "headerName": "age",
      },
      Object {
        "field": "name",
        "filterParams": Object {
          "excelMode": "windows",
        },
        "headerName": "name",
      },
    ]
  }
  rows={
    Array [
      Object {
        "age": undefined,
        "id": 0,
        "name": undefined,
      },
      Object {
        "age": undefined,
        "id": 1,
        "name": undefined,
      },
      Object {
        "age": undefined,
        "id": 2,
        "name": undefined,
      },
    ]
  }
/>
`;
